// Vitest Snapshot v1, https://vitest.dev/guide/snapshot.html

exports[`Plugin > should profile player hooks when navigating through a flow 1`] = `
{
  "displayFlameGraph": true,
  "profiling": false,
  "rawNodes": [
    {
      "children": [],
      "endTime": 2490.2,
      "name": "state",
      "startTime": 2490.1,
      "tooltip": "state, 0.1000 (ms)",
      "value": 100,
    },
    {
      "children": [],
      "endTime": 2490.4999999999995,
      "name": "resolveFlowContent",
      "startTime": 2490.3999999999996,
      "tooltip": "resolveFlowContent, 0.1000 (ms)",
      "value": 100,
    },
    {
      "children": [],
      "endTime": 2490.7999999999993,
      "name": "onStart",
      "startTime": 2490.6999999999994,
      "tooltip": "onStart, 0.1000 (ms)",
      "value": 100,
    },
    {
      "children": [],
      "endTime": 2491.099999999999,
      "name": "flowController",
      "startTime": 2490.999999999999,
      "tooltip": "flowController, 0.1000 (ms)",
      "value": 100,
    },
    {
      "children": [],
      "endTime": 2491.3999999999987,
      "name": "bindingParser",
      "startTime": 2491.299999999999,
      "tooltip": "bindingParser, 0.1000 (ms)",
      "value": 100,
    },
    {
      "children": [],
      "endTime": 2491.6999999999985,
      "name": "schema",
      "startTime": 2491.5999999999985,
      "tooltip": "schema, 0.1000 (ms)",
      "value": 100,
    },
    {
      "children": [],
      "endTime": 2491.999999999998,
      "name": "validationController",
      "startTime": 2491.8999999999983,
      "tooltip": "validationController, 0.1000 (ms)",
      "value": 100,
    },
    {
      "children": [],
      "endTime": 2492.299999999998,
      "name": "expressionEvaluator",
      "startTime": 2492.199999999998,
      "tooltip": "expressionEvaluator, 0.1000 (ms)",
      "value": 100,
    },
    {
      "children": [],
      "endTime": 2492.5999999999976,
      "name": "dataController",
      "startTime": 2492.4999999999977,
      "tooltip": "dataController, 0.1000 (ms)",
      "value": 100,
    },
    {
      "children": [],
      "endTime": 2492.8999999999974,
      "name": "viewController",
      "startTime": 2492.7999999999975,
      "tooltip": "viewController, 0.1000 (ms)",
      "value": 100,
    },
    {
      "children": [],
      "endTime": 2493.199999999997,
      "name": "state",
      "startTime": 2493.099999999997,
      "tooltip": "state, 0.1000 (ms)",
      "value": 100,
    },
    {
      "children": [],
      "endTime": 2493.499999999997,
      "name": "flow",
      "startTime": 2493.399999999997,
      "tooltip": "flow, 0.1000 (ms)",
      "value": 100,
    },
    {
      "children": [],
      "endTime": 2493.7999999999965,
      "name": "beforeStart",
      "startTime": 2493.6999999999966,
      "tooltip": "beforeStart, 0.1000 (ms)",
      "value": 100,
    },
    {
      "children": [],
      "endTime": 2494.0999999999963,
      "name": "resolveTransitionNode",
      "startTime": 2493.9999999999964,
      "tooltip": "resolveTransitionNode, 0.1000 (ms)",
      "value": 100,
    },
    {
      "children": [
        {
          "children": [],
          "endTime": 2494.499999999996,
          "name": "resolveView",
          "startTime": 2494.399999999996,
          "tooltip": "resolveView, 0.1000 (ms)",
          "value": 100,
        },
        {
          "children": [
            {
              "children": [],
              "endTime": 2494.8999999999955,
              "name": "onTemplatePluginCreated",
              "startTime": 2494.7999999999956,
              "tooltip": "onTemplatePluginCreated, 0.1000 (ms)",
              "value": 100,
            },
          ],
          "endTime": 2495.0999999999954,
          "name": "view",
          "startTime": 2494.6999999999957,
          "tooltip": "view, 0.4000 (ms)",
          "value": 400,
        },
        {
          "children": [],
          "endTime": 2495.399999999995,
          "name": "templatePlugin",
          "startTime": 2495.299999999995,
          "tooltip": "templatePlugin, 0.1000 (ms)",
          "value": 100,
        },
        {
          "children": [],
          "endTime": 2495.699999999995,
          "name": "parser",
          "startTime": 2495.599999999995,
          "tooltip": "parser, 0.1000 (ms)",
          "value": 100,
        },
        {
          "children": [],
          "endTime": 2495.9999999999945,
          "name": "parseNode",
          "startTime": 2495.8999999999946,
          "tooltip": "parseNode, 0.1000 (ms)",
          "value": 100,
        },
        {
          "children": [],
          "endTime": 2496.2999999999943,
          "name": "onParseObject",
          "startTime": 2496.1999999999944,
          "tooltip": "onParseObject, 0.1000 (ms)",
          "value": 100,
        },
        {
          "children": [],
          "endTime": 2496.599999999994,
          "name": "parseNode",
          "startTime": 2496.499999999994,
          "tooltip": "parseNode, 0.1000 (ms)",
          "value": 100,
        },
        {
          "children": [],
          "endTime": 2496.8999999999937,
          "name": "parseNode",
          "startTime": 2496.799999999994,
          "tooltip": "parseNode, 0.1000 (ms)",
          "value": 100,
        },
        {
          "children": [],
          "endTime": 2497.1999999999935,
          "name": "parseNode",
          "startTime": 2497.0999999999935,
          "tooltip": "parseNode, 0.1000 (ms)",
          "value": 100,
        },
        {
          "children": [],
          "endTime": 2497.499999999993,
          "name": "onCreateASTNode",
          "startTime": 2497.3999999999933,
          "tooltip": "onCreateASTNode, 0.1000 (ms)",
          "value": 100,
        },
        {
          "children": [],
          "endTime": 2497.799999999993,
          "name": "resolver",
          "startTime": 2497.699999999993,
          "tooltip": "resolver, 0.1000 (ms)",
          "value": 100,
        },
        {
          "children": [],
          "endTime": 2498.0999999999926,
          "name": "beforeUpdate",
          "startTime": 2497.9999999999927,
          "tooltip": "beforeUpdate, 0.1000 (ms)",
          "value": 100,
        },
        {
          "children": [],
          "endTime": 2498.3999999999924,
          "name": "resolveOptions",
          "startTime": 2498.2999999999925,
          "tooltip": "resolveOptions, 0.1000 (ms)",
          "value": 100,
        },
        {
          "children": [],
          "endTime": 2498.699999999992,
          "name": "skipResolve",
          "startTime": 2498.599999999992,
          "tooltip": "skipResolve, 0.1000 (ms)",
          "value": 100,
        },
        {
          "children": [],
          "endTime": 2498.999999999992,
          "name": "beforeResolve",
          "startTime": 2498.899999999992,
          "tooltip": "beforeResolve, 0.1000 (ms)",
          "value": 100,
        },
        {
          "children": [],
          "endTime": 2499.2999999999915,
          "name": "resolve",
          "startTime": 2499.1999999999916,
          "tooltip": "resolve, 0.1000 (ms)",
          "value": 100,
        },
        {
          "children": [],
          "endTime": 2499.5999999999913,
          "name": "afterResolve",
          "startTime": 2499.4999999999914,
          "tooltip": "afterResolve, 0.1000 (ms)",
          "value": 100,
        },
        {
          "children": [],
          "endTime": 2499.899999999991,
          "name": "afterNodeUpdate",
          "startTime": 2499.799999999991,
          "tooltip": "afterNodeUpdate, 0.1000 (ms)",
          "value": 100,
        },
        {
          "children": [],
          "endTime": 2500.1999999999907,
          "name": "afterUpdate",
          "startTime": 2500.099999999991,
          "tooltip": "afterUpdate, 0.1000 (ms)",
          "value": 100,
        },
        {
          "children": [],
          "endTime": 2500.4999999999905,
          "name": "onUpdate",
          "startTime": 2500.3999999999905,
          "tooltip": "onUpdate, 0.1000 (ms)",
          "value": 100,
        },
      ],
      "endTime": 2500.6999999999903,
      "name": "transition",
      "startTime": 2494.299999999996,
      "tooltip": "transition, 6.4000 (ms)",
      "value": 6400,
    },
    {
      "children": [],
      "endTime": 2500.99999999999,
      "name": "afterTransition",
      "startTime": 2500.89999999999,
      "tooltip": "afterTransition, 0.1000 (ms)",
      "value": 100,
    },
    {
      "children": [],
      "endTime": 2501.2999999999897,
      "name": "skipTransition",
      "startTime": 2501.19999999999,
      "tooltip": "skipTransition, 0.1000 (ms)",
      "value": 100,
    },
    {
      "children": [],
      "endTime": 2501.5999999999894,
      "name": "beforeTransition",
      "startTime": 2501.4999999999895,
      "tooltip": "beforeTransition, 0.1000 (ms)",
      "value": 100,
    },
    {
      "children": [],
      "endTime": 2501.899999999989,
      "name": "resolveTransitionNode",
      "startTime": 2501.7999999999893,
      "tooltip": "resolveTransitionNode, 0.1000 (ms)",
      "value": 100,
    },
    {
      "children": [],
      "endTime": 2502.199999999989,
      "name": "transition",
      "startTime": 2502.099999999989,
      "tooltip": "transition, 0.1000 (ms)",
      "value": 100,
    },
    {
      "children": [
        {
          "children": [],
          "endTime": 2502.5999999999885,
          "name": "resolveOptions",
          "startTime": 2502.4999999999886,
          "tooltip": "resolveOptions, 0.1000 (ms)",
          "value": 100,
        },
        {
          "children": [],
          "endTime": 2502.8999999999883,
          "name": "beforeEvaluate",
          "startTime": 2502.7999999999884,
          "tooltip": "beforeEvaluate, 0.1000 (ms)",
          "value": 100,
        },
        {
          "children": [
            {
              "children": [],
              "endTime": 2503.299999999988,
              "name": "resolve",
              "startTime": 2503.199999999988,
              "tooltip": "resolve, 0.1000 (ms)",
              "value": 100,
            },
            {
              "children": [],
              "endTime": 2503.5999999999876,
              "name": "skipOptimization",
              "startTime": 2503.4999999999877,
              "tooltip": "skipOptimization, 0.1000 (ms)",
              "value": 100,
            },
            {
              "children": [],
              "endTime": 2503.8999999999874,
              "name": "resolveDataStages",
              "startTime": 2503.7999999999874,
              "tooltip": "resolveDataStages, 0.1000 (ms)",
              "value": 100,
            },
            {
              "children": [
                {
                  "children": [],
                  "endTime": 2504.299999999987,
                  "name": "resolveTypeForBinding",
                  "startTime": 2504.199999999987,
                  "tooltip": "resolveTypeForBinding, 0.1000 (ms)",
                  "value": 100,
                },
              ],
              "endTime": 2504.499999999987,
              "name": "resolveDefaultValue",
              "startTime": 2504.099999999987,
              "tooltip": "resolveDefaultValue, 0.4000 (ms)",
              "value": 400,
            },
            {
              "children": [],
              "endTime": 2504.7999999999865,
              "name": "onGet",
              "startTime": 2504.6999999999866,
              "tooltip": "onGet, 0.1000 (ms)",
              "value": 100,
            },
            {
              "children": [],
              "endTime": 2505.0999999999863,
              "name": "onSet",
              "startTime": 2504.9999999999864,
              "tooltip": "onSet, 0.1000 (ms)",
              "value": 100,
            },
            {
              "children": [],
              "endTime": 2505.399999999986,
              "name": "onUpdate",
              "startTime": 2505.299999999986,
              "tooltip": "onUpdate, 0.1000 (ms)",
              "value": 100,
            },
          ],
          "endTime": 2505.599999999986,
          "name": "resolve",
          "startTime": 2503.099999999988,
          "tooltip": "resolve, 2.5000 (ms)",
          "value": 2500,
        },
        {
          "children": [],
          "endTime": 2505.8999999999855,
          "name": "skipTransition",
          "startTime": 2505.7999999999856,
          "tooltip": "skipTransition, 0.1000 (ms)",
          "value": 100,
        },
        {
          "children": [],
          "endTime": 2506.1999999999853,
          "name": "beforeTransition",
          "startTime": 2506.0999999999854,
          "tooltip": "beforeTransition, 0.1000 (ms)",
          "value": 100,
        },
        {
          "children": [],
          "endTime": 2506.499999999985,
          "name": "resolveTransitionNode",
          "startTime": 2506.399999999985,
          "tooltip": "resolveTransitionNode, 0.1000 (ms)",
          "value": 100,
        },
        {
          "children": [],
          "endTime": 2506.7999999999847,
          "name": "transition",
          "startTime": 2506.699999999985,
          "tooltip": "transition, 0.1000 (ms)",
          "value": 100,
        },
        {
          "children": [],
          "endTime": 2507.0999999999844,
          "name": "afterTransition",
          "startTime": 2506.9999999999845,
          "tooltip": "afterTransition, 0.1000 (ms)",
          "value": 100,
        },
      ],
      "endTime": 2507.2999999999843,
      "name": "afterTransition",
      "startTime": 2502.3999999999887,
      "tooltip": "afterTransition, 4.9000 (ms)",
      "value": 4900,
    },
    {
      "children": [],
      "endTime": 2507.599999999984,
      "name": "onGet",
      "startTime": 2507.499999999984,
      "tooltip": "onGet, 0.1000 (ms)",
      "value": 100,
    },
    {
      "children": [],
      "endTime": 2507.8999999999837,
      "name": "serialize",
      "startTime": 2507.799999999984,
      "tooltip": "serialize, 0.1000 (ms)",
      "value": 100,
    },
    {
      "children": [],
      "endTime": 2508.1999999999834,
      "name": "state",
      "startTime": 2508.0999999999835,
      "tooltip": "state, 0.1000 (ms)",
      "value": 100,
    },
  ],
  "rootNode": {
    "children": [
      {
        "children": [],
        "endTime": 2490.2,
        "name": "state",
        "startTime": 2490.1,
        "tooltip": "state, 0.1000 (ms)",
        "value": 100,
      },
      {
        "backgroundColor": "#000000",
        "children": [],
        "color": "#000000",
        "name": "(work)",
        "tooltip": "Placeholder time between hooks",
        "value": 200,
      },
      {
        "children": [],
        "endTime": 2490.4999999999995,
        "name": "resolveFlowContent",
        "startTime": 2490.3999999999996,
        "tooltip": "resolveFlowContent, 0.1000 (ms)",
        "value": 100,
      },
      {
        "backgroundColor": "#000000",
        "children": [],
        "color": "#000000",
        "name": "(work)",
        "tooltip": "Placeholder time between hooks",
        "value": 200,
      },
      {
        "children": [],
        "endTime": 2490.7999999999993,
        "name": "onStart",
        "startTime": 2490.6999999999994,
        "tooltip": "onStart, 0.1000 (ms)",
        "value": 100,
      },
      {
        "backgroundColor": "#000000",
        "children": [],
        "color": "#000000",
        "name": "(work)",
        "tooltip": "Placeholder time between hooks",
        "value": 200,
      },
      {
        "children": [],
        "endTime": 2491.099999999999,
        "name": "flowController",
        "startTime": 2490.999999999999,
        "tooltip": "flowController, 0.1000 (ms)",
        "value": 100,
      },
      {
        "backgroundColor": "#000000",
        "children": [],
        "color": "#000000",
        "name": "(work)",
        "tooltip": "Placeholder time between hooks",
        "value": 200,
      },
      {
        "children": [],
        "endTime": 2491.3999999999987,
        "name": "bindingParser",
        "startTime": 2491.299999999999,
        "tooltip": "bindingParser, 0.1000 (ms)",
        "value": 100,
      },
      {
        "backgroundColor": "#000000",
        "children": [],
        "color": "#000000",
        "name": "(work)",
        "tooltip": "Placeholder time between hooks",
        "value": 200,
      },
      {
        "children": [],
        "endTime": 2491.6999999999985,
        "name": "schema",
        "startTime": 2491.5999999999985,
        "tooltip": "schema, 0.1000 (ms)",
        "value": 100,
      },
      {
        "backgroundColor": "#000000",
        "children": [],
        "color": "#000000",
        "name": "(work)",
        "tooltip": "Placeholder time between hooks",
        "value": 200,
      },
      {
        "children": [],
        "endTime": 2491.999999999998,
        "name": "validationController",
        "startTime": 2491.8999999999983,
        "tooltip": "validationController, 0.1000 (ms)",
        "value": 100,
      },
      {
        "backgroundColor": "#000000",
        "children": [],
        "color": "#000000",
        "name": "(work)",
        "tooltip": "Placeholder time between hooks",
        "value": 200,
      },
      {
        "children": [],
        "endTime": 2492.299999999998,
        "name": "expressionEvaluator",
        "startTime": 2492.199999999998,
        "tooltip": "expressionEvaluator, 0.1000 (ms)",
        "value": 100,
      },
      {
        "backgroundColor": "#000000",
        "children": [],
        "color": "#000000",
        "name": "(work)",
        "tooltip": "Placeholder time between hooks",
        "value": 200,
      },
      {
        "children": [],
        "endTime": 2492.5999999999976,
        "name": "dataController",
        "startTime": 2492.4999999999977,
        "tooltip": "dataController, 0.1000 (ms)",
        "value": 100,
      },
      {
        "backgroundColor": "#000000",
        "children": [],
        "color": "#000000",
        "name": "(work)",
        "tooltip": "Placeholder time between hooks",
        "value": 200,
      },
      {
        "children": [],
        "endTime": 2492.8999999999974,
        "name": "viewController",
        "startTime": 2492.7999999999975,
        "tooltip": "viewController, 0.1000 (ms)",
        "value": 100,
      },
      {
        "backgroundColor": "#000000",
        "children": [],
        "color": "#000000",
        "name": "(work)",
        "tooltip": "Placeholder time between hooks",
        "value": 200,
      },
      {
        "children": [],
        "endTime": 2493.199999999997,
        "name": "state",
        "startTime": 2493.099999999997,
        "tooltip": "state, 0.1000 (ms)",
        "value": 100,
      },
      {
        "backgroundColor": "#000000",
        "children": [],
        "color": "#000000",
        "name": "(work)",
        "tooltip": "Placeholder time between hooks",
        "value": 200,
      },
      {
        "children": [],
        "endTime": 2493.499999999997,
        "name": "flow",
        "startTime": 2493.399999999997,
        "tooltip": "flow, 0.1000 (ms)",
        "value": 100,
      },
      {
        "backgroundColor": "#000000",
        "children": [],
        "color": "#000000",
        "name": "(work)",
        "tooltip": "Placeholder time between hooks",
        "value": 200,
      },
      {
        "children": [],
        "endTime": 2493.7999999999965,
        "name": "beforeStart",
        "startTime": 2493.6999999999966,
        "tooltip": "beforeStart, 0.1000 (ms)",
        "value": 100,
      },
      {
        "backgroundColor": "#000000",
        "children": [],
        "color": "#000000",
        "name": "(work)",
        "tooltip": "Placeholder time between hooks",
        "value": 200,
      },
      {
        "children": [],
        "endTime": 2494.0999999999963,
        "name": "resolveTransitionNode",
        "startTime": 2493.9999999999964,
        "tooltip": "resolveTransitionNode, 0.1000 (ms)",
        "value": 100,
      },
      {
        "backgroundColor": "#000000",
        "children": [],
        "color": "#000000",
        "name": "(work)",
        "tooltip": "Placeholder time between hooks",
        "value": 200,
      },
      {
        "children": [
          {
            "backgroundColor": "#000000",
            "children": [],
            "color": "#000000",
            "name": "(work)",
            "tooltip": "Placeholder time between hooks",
            "value": 100,
          },
          {
            "children": [],
            "endTime": 2494.499999999996,
            "name": "resolveView",
            "startTime": 2494.399999999996,
            "tooltip": "resolveView, 0.1000 (ms)",
            "value": 100,
          },
          {
            "backgroundColor": "#000000",
            "children": [],
            "color": "#000000",
            "name": "(work)",
            "tooltip": "Placeholder time between hooks",
            "value": 200,
          },
          {
            "children": [
              {
                "backgroundColor": "#000000",
                "children": [],
                "color": "#000000",
                "name": "(work)",
                "tooltip": "Placeholder time between hooks",
                "value": 100,
              },
              {
                "children": [],
                "endTime": 2494.8999999999955,
                "name": "onTemplatePluginCreated",
                "startTime": 2494.7999999999956,
                "tooltip": "onTemplatePluginCreated, 0.1000 (ms)",
                "value": 100,
              },
            ],
            "endTime": 2495.0999999999954,
            "name": "view",
            "startTime": 2494.6999999999957,
            "tooltip": "view, 0.4000 (ms)",
            "value": 400,
          },
          {
            "backgroundColor": "#000000",
            "children": [],
            "color": "#000000",
            "name": "(work)",
            "tooltip": "Placeholder time between hooks",
            "value": 200,
          },
          {
            "children": [],
            "endTime": 2495.399999999995,
            "name": "templatePlugin",
            "startTime": 2495.299999999995,
            "tooltip": "templatePlugin, 0.1000 (ms)",
            "value": 100,
          },
          {
            "backgroundColor": "#000000",
            "children": [],
            "color": "#000000",
            "name": "(work)",
            "tooltip": "Placeholder time between hooks",
            "value": 200,
          },
          {
            "children": [],
            "endTime": 2495.699999999995,
            "name": "parser",
            "startTime": 2495.599999999995,
            "tooltip": "parser, 0.1000 (ms)",
            "value": 100,
          },
          {
            "backgroundColor": "#000000",
            "children": [],
            "color": "#000000",
            "name": "(work)",
            "tooltip": "Placeholder time between hooks",
            "value": 200,
          },
          {
            "children": [],
            "endTime": 2495.9999999999945,
            "name": "parseNode",
            "startTime": 2495.8999999999946,
            "tooltip": "parseNode, 0.1000 (ms)",
            "value": 100,
          },
          {
            "backgroundColor": "#000000",
            "children": [],
            "color": "#000000",
            "name": "(work)",
            "tooltip": "Placeholder time between hooks",
            "value": 200,
          },
          {
            "children": [],
            "endTime": 2496.2999999999943,
            "name": "onParseObject",
            "startTime": 2496.1999999999944,
            "tooltip": "onParseObject, 0.1000 (ms)",
            "value": 100,
          },
          {
            "backgroundColor": "#000000",
            "children": [],
            "color": "#000000",
            "name": "(work)",
            "tooltip": "Placeholder time between hooks",
            "value": 200,
          },
          {
            "children": [],
            "endTime": 2496.599999999994,
            "name": "parseNode",
            "startTime": 2496.499999999994,
            "tooltip": "parseNode, 0.1000 (ms)",
            "value": 100,
          },
          {
            "backgroundColor": "#000000",
            "children": [],
            "color": "#000000",
            "name": "(work)",
            "tooltip": "Placeholder time between hooks",
            "value": 200,
          },
          {
            "children": [],
            "endTime": 2496.8999999999937,
            "name": "parseNode",
            "startTime": 2496.799999999994,
            "tooltip": "parseNode, 0.1000 (ms)",
            "value": 100,
          },
          {
            "backgroundColor": "#000000",
            "children": [],
            "color": "#000000",
            "name": "(work)",
            "tooltip": "Placeholder time between hooks",
            "value": 200,
          },
          {
            "children": [],
            "endTime": 2497.1999999999935,
            "name": "parseNode",
            "startTime": 2497.0999999999935,
            "tooltip": "parseNode, 0.1000 (ms)",
            "value": 100,
          },
          {
            "backgroundColor": "#000000",
            "children": [],
            "color": "#000000",
            "name": "(work)",
            "tooltip": "Placeholder time between hooks",
            "value": 200,
          },
          {
            "children": [],
            "endTime": 2497.499999999993,
            "name": "onCreateASTNode",
            "startTime": 2497.3999999999933,
            "tooltip": "onCreateASTNode, 0.1000 (ms)",
            "value": 100,
          },
          {
            "backgroundColor": "#000000",
            "children": [],
            "color": "#000000",
            "name": "(work)",
            "tooltip": "Placeholder time between hooks",
            "value": 200,
          },
          {
            "children": [],
            "endTime": 2497.799999999993,
            "name": "resolver",
            "startTime": 2497.699999999993,
            "tooltip": "resolver, 0.1000 (ms)",
            "value": 100,
          },
          {
            "backgroundColor": "#000000",
            "children": [],
            "color": "#000000",
            "name": "(work)",
            "tooltip": "Placeholder time between hooks",
            "value": 200,
          },
          {
            "children": [],
            "endTime": 2498.0999999999926,
            "name": "beforeUpdate",
            "startTime": 2497.9999999999927,
            "tooltip": "beforeUpdate, 0.1000 (ms)",
            "value": 100,
          },
          {
            "backgroundColor": "#000000",
            "children": [],
            "color": "#000000",
            "name": "(work)",
            "tooltip": "Placeholder time between hooks",
            "value": 200,
          },
          {
            "children": [],
            "endTime": 2498.3999999999924,
            "name": "resolveOptions",
            "startTime": 2498.2999999999925,
            "tooltip": "resolveOptions, 0.1000 (ms)",
            "value": 100,
          },
          {
            "backgroundColor": "#000000",
            "children": [],
            "color": "#000000",
            "name": "(work)",
            "tooltip": "Placeholder time between hooks",
            "value": 200,
          },
          {
            "children": [],
            "endTime": 2498.699999999992,
            "name": "skipResolve",
            "startTime": 2498.599999999992,
            "tooltip": "skipResolve, 0.1000 (ms)",
            "value": 100,
          },
          {
            "backgroundColor": "#000000",
            "children": [],
            "color": "#000000",
            "name": "(work)",
            "tooltip": "Placeholder time between hooks",
            "value": 200,
          },
          {
            "children": [],
            "endTime": 2498.999999999992,
            "name": "beforeResolve",
            "startTime": 2498.899999999992,
            "tooltip": "beforeResolve, 0.1000 (ms)",
            "value": 100,
          },
          {
            "backgroundColor": "#000000",
            "children": [],
            "color": "#000000",
            "name": "(work)",
            "tooltip": "Placeholder time between hooks",
            "value": 200,
          },
          {
            "children": [],
            "endTime": 2499.2999999999915,
            "name": "resolve",
            "startTime": 2499.1999999999916,
            "tooltip": "resolve, 0.1000 (ms)",
            "value": 100,
          },
          {
            "backgroundColor": "#000000",
            "children": [],
            "color": "#000000",
            "name": "(work)",
            "tooltip": "Placeholder time between hooks",
            "value": 200,
          },
          {
            "children": [],
            "endTime": 2499.5999999999913,
            "name": "afterResolve",
            "startTime": 2499.4999999999914,
            "tooltip": "afterResolve, 0.1000 (ms)",
            "value": 100,
          },
          {
            "backgroundColor": "#000000",
            "children": [],
            "color": "#000000",
            "name": "(work)",
            "tooltip": "Placeholder time between hooks",
            "value": 200,
          },
          {
            "children": [],
            "endTime": 2499.899999999991,
            "name": "afterNodeUpdate",
            "startTime": 2499.799999999991,
            "tooltip": "afterNodeUpdate, 0.1000 (ms)",
            "value": 100,
          },
          {
            "backgroundColor": "#000000",
            "children": [],
            "color": "#000000",
            "name": "(work)",
            "tooltip": "Placeholder time between hooks",
            "value": 200,
          },
          {
            "children": [],
            "endTime": 2500.1999999999907,
            "name": "afterUpdate",
            "startTime": 2500.099999999991,
            "tooltip": "afterUpdate, 0.1000 (ms)",
            "value": 100,
          },
          {
            "backgroundColor": "#000000",
            "children": [],
            "color": "#000000",
            "name": "(work)",
            "tooltip": "Placeholder time between hooks",
            "value": 200,
          },
          {
            "children": [],
            "endTime": 2500.4999999999905,
            "name": "onUpdate",
            "startTime": 2500.3999999999905,
            "tooltip": "onUpdate, 0.1000 (ms)",
            "value": 100,
          },
        ],
        "endTime": 2500.6999999999903,
        "name": "transition",
        "startTime": 2494.299999999996,
        "tooltip": "transition, 6.4000 (ms)",
        "value": 6400,
      },
      {
        "backgroundColor": "#000000",
        "children": [],
        "color": "#000000",
        "name": "(work)",
        "tooltip": "Placeholder time between hooks",
        "value": 200,
      },
      {
        "children": [],
        "endTime": 2500.99999999999,
        "name": "afterTransition",
        "startTime": 2500.89999999999,
        "tooltip": "afterTransition, 0.1000 (ms)",
        "value": 100,
      },
      {
        "backgroundColor": "#000000",
        "children": [],
        "color": "#000000",
        "name": "(work)",
        "tooltip": "Placeholder time between hooks",
        "value": 200,
      },
      {
        "children": [],
        "endTime": 2501.2999999999897,
        "name": "skipTransition",
        "startTime": 2501.19999999999,
        "tooltip": "skipTransition, 0.1000 (ms)",
        "value": 100,
      },
      {
        "backgroundColor": "#000000",
        "children": [],
        "color": "#000000",
        "name": "(work)",
        "tooltip": "Placeholder time between hooks",
        "value": 200,
      },
      {
        "children": [],
        "endTime": 2501.5999999999894,
        "name": "beforeTransition",
        "startTime": 2501.4999999999895,
        "tooltip": "beforeTransition, 0.1000 (ms)",
        "value": 100,
      },
      {
        "backgroundColor": "#000000",
        "children": [],
        "color": "#000000",
        "name": "(work)",
        "tooltip": "Placeholder time between hooks",
        "value": 200,
      },
      {
        "children": [],
        "endTime": 2501.899999999989,
        "name": "resolveTransitionNode",
        "startTime": 2501.7999999999893,
        "tooltip": "resolveTransitionNode, 0.1000 (ms)",
        "value": 100,
      },
      {
        "backgroundColor": "#000000",
        "children": [],
        "color": "#000000",
        "name": "(work)",
        "tooltip": "Placeholder time between hooks",
        "value": 200,
      },
      {
        "children": [],
        "endTime": 2502.199999999989,
        "name": "transition",
        "startTime": 2502.099999999989,
        "tooltip": "transition, 0.1000 (ms)",
        "value": 100,
      },
      {
        "backgroundColor": "#000000",
        "children": [],
        "color": "#000000",
        "name": "(work)",
        "tooltip": "Placeholder time between hooks",
        "value": 200,
      },
      {
        "children": [
          {
            "backgroundColor": "#000000",
            "children": [],
            "color": "#000000",
            "name": "(work)",
            "tooltip": "Placeholder time between hooks",
            "value": 100,
          },
          {
            "children": [],
            "endTime": 2502.5999999999885,
            "name": "resolveOptions",
            "startTime": 2502.4999999999886,
            "tooltip": "resolveOptions, 0.1000 (ms)",
            "value": 100,
          },
          {
            "backgroundColor": "#000000",
            "children": [],
            "color": "#000000",
            "name": "(work)",
            "tooltip": "Placeholder time between hooks",
            "value": 200,
          },
          {
            "children": [],
            "endTime": 2502.8999999999883,
            "name": "beforeEvaluate",
            "startTime": 2502.7999999999884,
            "tooltip": "beforeEvaluate, 0.1000 (ms)",
            "value": 100,
          },
          {
            "backgroundColor": "#000000",
            "children": [],
            "color": "#000000",
            "name": "(work)",
            "tooltip": "Placeholder time between hooks",
            "value": 200,
          },
          {
            "children": [
              {
                "backgroundColor": "#000000",
                "children": [],
                "color": "#000000",
                "name": "(work)",
                "tooltip": "Placeholder time between hooks",
                "value": 100,
              },
              {
                "children": [],
                "endTime": 2503.299999999988,
                "name": "resolve",
                "startTime": 2503.199999999988,
                "tooltip": "resolve, 0.1000 (ms)",
                "value": 100,
              },
              {
                "backgroundColor": "#000000",
                "children": [],
                "color": "#000000",
                "name": "(work)",
                "tooltip": "Placeholder time between hooks",
                "value": 200,
              },
              {
                "children": [],
                "endTime": 2503.5999999999876,
                "name": "skipOptimization",
                "startTime": 2503.4999999999877,
                "tooltip": "skipOptimization, 0.1000 (ms)",
                "value": 100,
              },
              {
                "backgroundColor": "#000000",
                "children": [],
                "color": "#000000",
                "name": "(work)",
                "tooltip": "Placeholder time between hooks",
                "value": 200,
              },
              {
                "children": [],
                "endTime": 2503.8999999999874,
                "name": "resolveDataStages",
                "startTime": 2503.7999999999874,
                "tooltip": "resolveDataStages, 0.1000 (ms)",
                "value": 100,
              },
              {
                "backgroundColor": "#000000",
                "children": [],
                "color": "#000000",
                "name": "(work)",
                "tooltip": "Placeholder time between hooks",
                "value": 200,
              },
              {
                "children": [
                  {
                    "backgroundColor": "#000000",
                    "children": [],
                    "color": "#000000",
                    "name": "(work)",
                    "tooltip": "Placeholder time between hooks",
                    "value": 100,
                  },
                  {
                    "children": [],
                    "endTime": 2504.299999999987,
                    "name": "resolveTypeForBinding",
                    "startTime": 2504.199999999987,
                    "tooltip": "resolveTypeForBinding, 0.1000 (ms)",
                    "value": 100,
                  },
                ],
                "endTime": 2504.499999999987,
                "name": "resolveDefaultValue",
                "startTime": 2504.099999999987,
                "tooltip": "resolveDefaultValue, 0.4000 (ms)",
                "value": 400,
              },
              {
                "backgroundColor": "#000000",
                "children": [],
                "color": "#000000",
                "name": "(work)",
                "tooltip": "Placeholder time between hooks",
                "value": 200,
              },
              {
                "children": [],
                "endTime": 2504.7999999999865,
                "name": "onGet",
                "startTime": 2504.6999999999866,
                "tooltip": "onGet, 0.1000 (ms)",
                "value": 100,
              },
              {
                "backgroundColor": "#000000",
                "children": [],
                "color": "#000000",
                "name": "(work)",
                "tooltip": "Placeholder time between hooks",
                "value": 200,
              },
              {
                "children": [],
                "endTime": 2505.0999999999863,
                "name": "onSet",
                "startTime": 2504.9999999999864,
                "tooltip": "onSet, 0.1000 (ms)",
                "value": 100,
              },
              {
                "backgroundColor": "#000000",
                "children": [],
                "color": "#000000",
                "name": "(work)",
                "tooltip": "Placeholder time between hooks",
                "value": 200,
              },
              {
                "children": [],
                "endTime": 2505.399999999986,
                "name": "onUpdate",
                "startTime": 2505.299999999986,
                "tooltip": "onUpdate, 0.1000 (ms)",
                "value": 100,
              },
            ],
            "endTime": 2505.599999999986,
            "name": "resolve",
            "startTime": 2503.099999999988,
            "tooltip": "resolve, 2.5000 (ms)",
            "value": 2500,
          },
          {
            "backgroundColor": "#000000",
            "children": [],
            "color": "#000000",
            "name": "(work)",
            "tooltip": "Placeholder time between hooks",
            "value": 200,
          },
          {
            "children": [],
            "endTime": 2505.8999999999855,
            "name": "skipTransition",
            "startTime": 2505.7999999999856,
            "tooltip": "skipTransition, 0.1000 (ms)",
            "value": 100,
          },
          {
            "backgroundColor": "#000000",
            "children": [],
            "color": "#000000",
            "name": "(work)",
            "tooltip": "Placeholder time between hooks",
            "value": 200,
          },
          {
            "children": [],
            "endTime": 2506.1999999999853,
            "name": "beforeTransition",
            "startTime": 2506.0999999999854,
            "tooltip": "beforeTransition, 0.1000 (ms)",
            "value": 100,
          },
          {
            "backgroundColor": "#000000",
            "children": [],
            "color": "#000000",
            "name": "(work)",
            "tooltip": "Placeholder time between hooks",
            "value": 200,
          },
          {
            "children": [],
            "endTime": 2506.499999999985,
            "name": "resolveTransitionNode",
            "startTime": 2506.399999999985,
            "tooltip": "resolveTransitionNode, 0.1000 (ms)",
            "value": 100,
          },
          {
            "backgroundColor": "#000000",
            "children": [],
            "color": "#000000",
            "name": "(work)",
            "tooltip": "Placeholder time between hooks",
            "value": 200,
          },
          {
            "children": [],
            "endTime": 2506.7999999999847,
            "name": "transition",
            "startTime": 2506.699999999985,
            "tooltip": "transition, 0.1000 (ms)",
            "value": 100,
          },
          {
            "backgroundColor": "#000000",
            "children": [],
            "color": "#000000",
            "name": "(work)",
            "tooltip": "Placeholder time between hooks",
            "value": 200,
          },
          {
            "children": [],
            "endTime": 2507.0999999999844,
            "name": "afterTransition",
            "startTime": 2506.9999999999845,
            "tooltip": "afterTransition, 0.1000 (ms)",
            "value": 100,
          },
        ],
        "endTime": 2507.2999999999843,
        "name": "afterTransition",
        "startTime": 2502.3999999999887,
        "tooltip": "afterTransition, 4.9000 (ms)",
        "value": 4900,
      },
      {
        "backgroundColor": "#000000",
        "children": [],
        "color": "#000000",
        "name": "(work)",
        "tooltip": "Placeholder time between hooks",
        "value": 200,
      },
      {
        "children": [],
        "endTime": 2507.599999999984,
        "name": "onGet",
        "startTime": 2507.499999999984,
        "tooltip": "onGet, 0.1000 (ms)",
        "value": 100,
      },
      {
        "backgroundColor": "#000000",
        "children": [],
        "color": "#000000",
        "name": "(work)",
        "tooltip": "Placeholder time between hooks",
        "value": 200,
      },
      {
        "children": [],
        "endTime": 2507.8999999999837,
        "name": "serialize",
        "startTime": 2507.799999999984,
        "tooltip": "serialize, 0.1000 (ms)",
        "value": 100,
      },
      {
        "backgroundColor": "#000000",
        "children": [],
        "color": "#000000",
        "name": "(work)",
        "tooltip": "Placeholder time between hooks",
        "value": 200,
      },
      {
        "children": [],
        "endTime": 2508.1999999999834,
        "name": "state",
        "startTime": 2508.0999999999835,
        "tooltip": "state, 0.1000 (ms)",
        "value": 100,
      },
    ],
    "endTime": 2508.1999999999834,
    "name": "root",
    "startTime": 2490.1,
    "value": 18100,
  },
}
`;
